3 schema violations found
  /uniqs/bad_entity_name_: object instance has properties which are not allowed by the schema: ["present_value"]
  object has missing required properties (["generation"])
  object instance has properties which are not allowed by the schema: ["id","networks","points"]
