{
  "timestamp" : "1999-10-20T01:02:03Z",
  "version" : "1.4.1",
  "tools" : "test_trace",
  "start_time" : "1999-10-20T01:02:03Z",
  "summary" : {
    "correct_devices" : [ "NON-2" ],
    "extra_devices" : [ "NON-1", "NON-2" ],
    "missing_devices" : [ "AHU-1", "AHU-22", "GAT-123", "SNS-4" ],
    "error_devices" : [ ]
  },
  "devices" : {
    "NON-2" : {
      "last_seen" : "1999-10-20T01:02:03Z"
    }
  }
}
