3 schema violations found
  /localnet: object has missing required properties (["networks"])
  /localnet: object instance has properties which are not allowed by the schema: ["subsystem"]
  object has missing required properties (["version"])
