1 schema violations found
  /discovery/networks: object instance has properties which are not allowed by the schema: ["BACnet"]
